// Jest Snapshot v1, https://goo.gl/fbAQLP

exports[`App renders 1`] = `
<div
  className="game"
>
  <div
    className="game-board"
  >
    <styled.h1
      primary={true}
    >
      Operando Primary
    </styled.h1>
    <styled.h1>
      Operando Secondary
    </styled.h1>
    <Board
      onClick={[Function]}
      squares={
        Array [
          null,
          null,
          null,
          null,
          null,
          null,
          null,
          null,
          null,
        ]
      }
    />
  </div>
  <div
    className="game-info"
  >
    <div>
      Next player: X
    </div>
    <ol>
      <li
        key="0"
      >
        <button
          onClick={[Function]}
        >
          Go to game start
        </button>
      </li>
    </ol>
  </div>
</div>
`;
